
> tech-financial-system@0.0.0 build
> ng build

[33mΓ¥»[39m Building...
[32mΓ£ö[39m Building...
[1mInitial chunk files[22m[2m | [22m[1mNames[22m                       [2m | [22m [1mRaw size[22m[2m | [22m[1mEstimated transfer size[22m
[32mchunk-V4EMDAGO.js[39m  [2m | [22m[2m-[22m                           [2m | [22m[36m248.82 kB[39m[2m | [22m               [36m67.92 kB[39m
[32mstyles-KD7ZISKR.css[39m[2m | [22m[2mstyles[22m                      [2m | [22m [36m21.28 kB[39m[2m | [22m                [36m2.64 kB[39m
[32mmain-JI3KV2G2.js[39m   [2m | [22m[2mmain[22m                        [2m | [22m  [36m5.27 kB[39m[2m | [22m                [36m1.76 kB[39m
[32mchunk-BAAVLLM5.js[39m  [2m | [22m[2m-[22m                           [2m | [22m  [36m4.05 kB[39m[2m | [22m                [36m1.18 kB[39m
[32mchunk-FTGRWMOB.js[39m  [2m | [22m[2m-[22m                           [2m | [22m[36m508 bytes[39m[2m | [22m              [36m508 bytes[39m

[1m [22m                  [2m | [22m[1mInitial total[22m               [2m | [22m[1m279.94 kB[22m[2m | [22m               [1m74.01 kB[22m

[1mLazy chunk files[22m   [2m | [22m[1mNames[22m                       [2m | [22m [1mRaw size[22m[2m | [22m[1mEstimated transfer size[22m
[32mchunk-TMKIAHWL.js[39m  [2m | [22m[2m-[22m                           [2m | [22m [36m37.09 kB[39m[2m | [22m                [36m7.67 kB[39m
[32mchunk-MWC2XCK7.js[39m  [2m | [22m[2madmin-dashboard[22m             [2m | [22m [36m36.13 kB[39m[2m | [22m                [36m7.71 kB[39m
[32mchunk-ZFIOFPED.js[39m  [2m | [22m[2mprogress-tracking-component[22m [2m | [22m [36m31.09 kB[39m[2m | [22m                [36m6.34 kB[39m
[32mchunk-KNSEL73T.js[39m  [2m | [22m[2mrole-selection[22m              [2m | [22m [36m30.70 kB[39m[2m | [22m                [36m6.63 kB[39m
[32mchunk-7DYXGRHC.js[39m  [2m | [22m[2mpo-management-component[22m     [2m | [22m [36m20.32 kB[39m[2m | [22m                [36m4.87 kB[39m
[32mchunk-PPT7ICCK.js[39m  [2m | [22m[2mregister-component[22m          [2m | [22m [36m20.05 kB[39m[2m | [22m                [36m4.95 kB[39m
[32mchunk-5TTD7CJA.js[39m  [2m | [22m[2minvoice-management-component[22m[2m | [22m [36m15.40 kB[39m[2m | [22m                [36m3.67 kB[39m
[32mchunk-JTYQASFS.js[39m  [2m | [22m[2mtrainer-dashboard-component[22m [2m | [22m [36m14.94 kB[39m[2m | [22m                [36m3.85 kB[39m
[32mchunk-XGAT25U7.js[39m  [2m | [22m[2mlogin-component[22m             [2m | [22m [36m14.61 kB[39m[2m | [22m                [36m4.14 kB[39m
[32mchunk-KMHRZ54W.js[39m  [2m | [22m[2mclient-dashboard-component[22m  [2m | [22m [36m11.35 kB[39m[2m | [22m                [36m3.04 kB[39m
[32mchunk-HD44SLZN.js[39m  [2m | [22m[2mmapping-component[22m           [2m | [22m  [36m9.75 kB[39m[2m | [22m                [36m2.65 kB[39m
[32mchunk-TUQSBAOI.js[39m  [2m | [22m[2mtrainer-requests-component[22m  [2m | [22m  [36m8.94 kB[39m[2m | [22m                [36m2.50 kB[39m
[32mchunk-IR4AAVG2.js[39m  [2m | [22m[2mclient-requests-component[22m   [2m | [22m  [36m7.27 kB[39m[2m | [22m                [36m2.19 kB[39m
[32mchunk-Z3TG4YBF.js[39m  [2m | [22m[2m-[22m                           [2m | [22m  [36m6.76 kB[39m[2m | [22m                [36m1.85 kB[39m

Application bundle generation complete. [7.306 seconds] - 2026-02-06T04:32:31.132Z

node.exe : [1m[33m[33mΓû▓ 
[43;33m[[43;30mWARNING[43;33m][0m 
[1msrc/app/features/auth/login/login.component.css exceeded 
maximum budget. Budget 4.00 kB was not met by 2.17 kB with a 
total of 6.17 kB.[0m
At C:\Program Files\nodejs\npm.ps1:29 char:3
+   & $NODE_EXE $NPM_CLI_JS $args
+   ~~~~~~~~~~~~~~~~~~~~~~~~~~~~~
    + CategoryInfo          : NotSpecified: ([1m[33m[33mΓ... 
   of 6.17 kB.[0m:String) [], RemoteException
    + FullyQualifiedErrorId : NativeCommandError
 


[33mΓû▓ [43;33m[[43;30mWARNING[43;33m][0m 
[1msrc/app/features/auth/register/register.component.css 
exceeded maximum budget. Budget 4.00 kB was not met by 851 
bytes with a total of 4.85 kB.[0m


[33mΓû▓ [43;33m[[43;30mWARNING[43;33m][0m 
[1msrc/app/features/admin/admin-dashboard/admin-dashboard.css 
exceeded maximum budget. Budget 4.00 kB was not met by 2.30 kB 
with a total of 6.30 kB.[0m


[33mΓû▓ [43;33m[[43;30mWARNING[43;33m][0m [1msrc/app/featu
res/admin/progress-tracking/progress-tracking.component.css 
exceeded maximum budget. Budget 4.00 kB was not met by 3.33 kB 
with a total of 7.33 kB.[0m


[33mΓû▓ [43;33m[[43;30mWARNING[43;33m][0m 
[1msrc/app/features/role-selection/role-selection.css exceeded 
maximum budget. Budget 4.00 kB was not met by 2.98 kB with a 
total of 6.98 kB.[0m

[39m[22m
Output location: P:\internship_HartFord\Ed-tech\Tech_Financial_System\dist\Tech_Financial_System

